// Jest Snapshot v1, https://goo.gl/fbAQLP

exports[`Order component tests render all orders 1`] = `
<div
  className="Order"
>
  <div
    className="Order-header"
  >
    <span
      className="Order-shop"
    >
      Ali Express
    </span>
    <span>
      9 декабря, вс, 2018 год
    </span>
  </div>
  <div
    className="Order-items"
  >
    <div
      className="Order-item"
      key="0"
    >
      Утиный пластмасса для показ новый год
    </div>
    <div
      className="Order-item"
      key="1"
    >
      Курица из нержавеющей стали, утка, гусь, голубь, питьевой фонтан
    </div>
    <div
      className="Order-item"
      key="2"
    >
      Новый стиль один розница яйцо для упаковки форма латекс
    </div>
  </div>
</div>
`;

exports[`Order component tests render one order 1`] = `
<div
  className="Order"
>
  <div
    className="Order-header"
  >
    <span
      className="Order-shop"
    >
      Ali Express
    </span>
    <span>
      9 декабря, вс, 2018 год
    </span>
  </div>
  <div
    className="Order-items"
  >
    <div
      className="Order-item"
      key="0"
    >
      Утиный пластмасса для показ новый год
    </div>
    <div
      className="Order-item"
      key="1"
    >
      Курица из нержавеющей стали, утка, гусь, голубь, питьевой фонтан
    </div>
    <div
      className="Order-item"
      key="2"
    >
      Новый стиль один розница яйцо для упаковки форма латекс
    </div>
  </div>
</div>
`;

exports[`Order component tests render order component 1`] = `
<div
  className="Order"
>
  <div
    className="Order-header"
  >
    <span
      className="Order-shop"
    >
      Ali Express
    </span>
    <span>
      9 декабря, вс, 2018 год
    </span>
  </div>
  <div
    className="Order-items"
  >
    <div
      className="Order-item"
      key="0"
    >
      Утиный пластмасса для показ новый год
    </div>
    <div
      className="Order-item"
      key="1"
    >
      Курица из нержавеющей стали, утка, гусь, голубь, питьевой фонтан
    </div>
    <div
      className="Order-item"
      key="2"
    >
      Новый стиль один розница яйцо для упаковки форма латекс
    </div>
  </div>
</div>
`;

exports[`Order component tests render order component 2`] = `
<div
  className="Order"
>
  <div
    className="Order-header"
  >
    <span
      className="Order-shop"
    >
      Ali Express
    </span>
    <span>
      9 декабря, вс, 2018 год
    </span>
  </div>
  <div
    className="Order-items"
  >
    <div
      className="Order-item"
      key="0"
    >
      Утиный пластмасса для показ новый год
    </div>
    <div
      className="Order-item"
      key="1"
    >
      Курица из нержавеющей стали, утка, гусь, голубь, питьевой фонтан
    </div>
    <div
      className="Order-item"
      key="2"
    >
      Новый стиль один розница яйцо для упаковки форма латекс
    </div>
  </div>
</div>
`;

exports[`Order component tests shop name matches 1`] = `
<div
  className="Order"
>
  <div
    className="Order-header"
  >
    <span
      className="Order-shop"
    >
      Ali Express
    </span>
    <span>
      9 декабря, вс, 2018 год
    </span>
  </div>
  <div
    className="Order-items"
  >
    <div
      className="Order-item"
      key="0"
    >
      Утиный пластмасса для показ новый год
    </div>
    <div
      className="Order-item"
      key="1"
    >
      Курица из нержавеющей стали, утка, гусь, голубь, питьевой фонтан
    </div>
    <div
      className="Order-item"
      key="2"
    >
      Новый стиль один розница яйцо для упаковки форма латекс
    </div>
  </div>
</div>
`;
